// Jest Snapshot v1, https://goo.gl/fbAQLP

exports[`test.js generateTestConfig should generate proper config 1`] = `
Array [
  "--forceExit",
  "--updateSnapshot",
  "--no-cache",
  "--runInBand",
  "--config",
  Object {
    "cacheDirectory": "tmp",
    "collectCoverageFrom": Array [
      "lib/**/*.js",
      "bin",
      "src",
      "another-folder",
    ],
    "coverageDirectory": "coverage",
    "notify": true,
    "setupFiles": Array [
      "beforeTestsSetup.js",
    ],
    "testEnvironment": "node",
    "testPathIgnorePatterns": Array [
      "<rootDir>/node_modules/",
      "<rootDir>/__tests__/test-utils",
    ],
  },
  "these",
  "files",
  "only",
]
`;
